Flow report for Digital_Device_1
Mon Dec 05 20:02:34 2022
Quartus II Version 9.1 Build 350 03/24/2010 Service Pack 2 SJ Web Edition


---------------------
; Table of Contents ;
---------------------
  1. Legal Notice
  2. Flow Summary
  3. Flow Settings
  4. Flow Non-Default Global Settings
  5. Flow Elapsed Time
  6. Flow OS Summary
  7. Flow Log



----------------
; Legal Notice ;
----------------
Copyright (C) 1991-2010 Altera Corporation
Your use of Altera Corporation's design tools, logic functions 
and other software and tools, and its AMPP partner logic 
functions, and any output files from any of the foregoing 
(including device programming or simulation files), and any 
associated documentation or information are expressly subject 
to the terms and conditions of the Altera Program License 
Subscription Agreement, Altera MegaCore Function License 
Agreement, or other applicable license agreement, including, 
without limitation, that your use is for the sole purpose of 
programming logic devices manufactured by Altera and sold by 
Altera or its authorized distributors.  Please refer to the 
applicable agreement for further details.



+-----------------------------------------------------------------------------------+
; Flow Summary                                                                      ;
+------------------------------------+----------------------------------------------+
; Flow Status                        ; Flow Failed - Mon Dec 05 20:02:34 2022       ;
; Quartus II Version                 ; 9.1 Build 350 03/24/2010 SP 2 SJ Web Edition ;
; Revision Name                      ; Digital_Device_1                             ;
; Top-level Entity Name              ; Digital_Device_1                             ;
; Family                             ; Cyclone III                                  ;
; Device                             ; EP3C5E144C8                                  ;
; Timing Models                      ; Final                                        ;
; Met timing requirements            ; N/A                                          ;
; Total logic elements               ; N/A until Partition Merge                    ;
;     Total combinational functions  ; N/A until Partition Merge                    ;
;     Dedicated logic registers      ; N/A until Partition Merge                    ;
; Total registers                    ; N/A until Partition Merge                    ;
; Total pins                         ; N/A until Partition Merge                    ;
; Total virtual pins                 ; N/A until Partition Merge                    ;
; Total memory bits                  ; N/A until Partition Merge                    ;
; Embedded Multiplier 9-bit elements ; N/A until Partition Merge                    ;
; Total PLLs                         ; N/A until Partition Merge                    ;
+------------------------------------+----------------------------------------------+


+-----------------------------------------+
; Flow Settings                           ;
+-------------------+---------------------+
; Option            ; Setting             ;
+-------------------+---------------------+
; Start date & time ; 12/05/2022 20:02:33 ;
; Main task         ; Compilation         ;
; Revision Name     ; Digital_Device_1    ;
+-------------------+---------------------+


+----------------------------------------------------------------------------------------------------------------------+
; Flow Non-Default Global Settings                                                                                     ;
+-------------------------------------+---------------------------------+---------------+-------------+----------------+
; Assignment Name                     ; Value                           ; Default Value ; Entity Name ; Section Id     ;
+-------------------------------------+---------------------------------+---------------+-------------+----------------+
; COMPILER_SIGNATURE_ID               ; 242895771743426.167025975309732 ; --            ; --          ; --             ;
; IP_TOOL_NAME                        ; ALTPLL                          ; --            ; --          ; --             ;
; IP_TOOL_NAME                        ; LPM_FF                          ; --            ; --          ; --             ;
; IP_TOOL_NAME                        ; LPM_FF                          ; --            ; --          ; --             ;
; IP_TOOL_NAME                        ; LPM_ADD_SUB                     ; --            ; --          ; --             ;
; IP_TOOL_NAME                        ; LPM_OR                          ; --            ; --          ; --             ;
; IP_TOOL_NAME                        ; LPM_MUX                         ; --            ; --          ; --             ;
; IP_TOOL_NAME                        ; LPM_AND                         ; --            ; --          ; --             ;
; IP_TOOL_NAME                        ; LPM_FF                          ; --            ; --          ; --             ;
; IP_TOOL_NAME                        ; LPM_MUX                         ; --            ; --          ; --             ;
; IP_TOOL_NAME                        ; LPM_MUX                         ; --            ; --          ; --             ;
; IP_TOOL_VERSION                     ; 9.1                             ; --            ; --          ; --             ;
; IP_TOOL_VERSION                     ; 9.1                             ; --            ; --          ; --             ;
; IP_TOOL_VERSION                     ; 9.1                             ; --            ; --          ; --             ;
; IP_TOOL_VERSION                     ; 9.1                             ; --            ; --          ; --             ;
; IP_TOOL_VERSION                     ; 9.1                             ; --            ; --          ; --             ;
; IP_TOOL_VERSION                     ; 9.1                             ; --            ; --          ; --             ;
; IP_TOOL_VERSION                     ; 9.1                             ; --            ; --          ; --             ;
; IP_TOOL_VERSION                     ; 9.1                             ; --            ; --          ; --             ;
; IP_TOOL_VERSION                     ; 9.1                             ; --            ; --          ; --             ;
; IP_TOOL_VERSION                     ; 9.1                             ; --            ; --          ; --             ;
; MAX_CORE_JUNCTION_TEMP              ; 85                              ; --            ; --          ; --             ;
; MIN_CORE_JUNCTION_TEMP              ; 0                               ; --            ; --          ; --             ;
; MISC_FILE                           ; PLL1.tdf                        ; --            ; --          ; --             ;
; MISC_FILE                           ; PLL1.bsf                        ; --            ; --          ; --             ;
; MISC_FILE                           ; PLL1.cmp                        ; --            ; --          ; --             ;
; MISC_FILE                           ; PLL1.ppf                        ; --            ; --          ; --             ;
; MISC_FILE                           ; reg_for_Y.tdf                   ; --            ; --          ; --             ;
; MISC_FILE                           ; reg_for_Y.bsf                   ; --            ; --          ; --             ;
; MISC_FILE                           ; reg_for_Y.cmp                   ; --            ; --          ; --             ;
; MISC_FILE                           ; ALU/Y_Store.bsf                 ; --            ; --          ; --             ;
; MISC_FILE                           ; ALU/Y_Store.cmp                 ; --            ; --          ; --             ;
; MISC_FILE                           ; ALU/SM2_alu.bsf                 ; --            ; --          ; --             ;
; MISC_FILE                           ; ALU/SM2_alu.cmp                 ; --            ; --          ; --             ;
; MISC_FILE                           ; ALU/KS1_alu.bsf                 ; --            ; --          ; --             ;
; MISC_FILE                           ; ALU/KS1_alu.cmp                 ; --            ; --          ; --             ;
; MISC_FILE                           ; ALU/lpm_mux0.bsf                ; --            ; --          ; --             ;
; MISC_FILE                           ; ALU/lpm_mux0.cmp                ; --            ; --          ; --             ;
; MISC_FILE                           ; ALU/KS4_alu.bsf                 ; --            ; --          ; --             ;
; MISC_FILE                           ; ALU/KS4_alu.cmp                 ; --            ; --          ; --             ;
; MISC_FILE                           ; ALU/RG4.bsf                     ; --            ; --          ; --             ;
; MISC_FILE                           ; ALU/RG4.cmp                     ; --            ; --          ; --             ;
; MISC_FILE                           ; ALU/MS3.bsf                     ; --            ; --          ; --             ;
; MISC_FILE                           ; ALU/MS3.cmp                     ; --            ; --          ; --             ;
; MISC_FILE                           ; ALU/MS7_alu.bsf                 ; --            ; --          ; --             ;
; MISC_FILE                           ; ALU/MS7_alu.cmp                 ; --            ; --          ; --             ;
; NOMINAL_CORE_SUPPLY_VOLTAGE         ; 1.2V                            ; --            ; --          ; --             ;
; PARTITION_COLOR                     ; 16764057                        ; --            ; --          ; Top            ;
; PARTITION_COLOR                     ; 16764057                        ; --            ; test3       ; Top            ;
; PARTITION_FITTER_PRESERVATION_LEVEL ; PLACEMENT_AND_ROUTING           ; --            ; test3       ; Top            ;
; PARTITION_NETLIST_TYPE              ; SOURCE                          ; --            ; --          ; Top            ;
; PARTITION_NETLIST_TYPE              ; SOURCE                          ; --            ; test3       ; Top            ;
; SEARCH_PATH                         ; alu                             ; --            ; --          ; --             ;
; SEARCH_PATH                         ; nand1                           ; --            ; --          ; --             ;
; SEARCH_PATH                         ; d:\pzu_1                        ; --            ; --          ; --             ;
; SEARCH_PATH                         ; D:\PZU_1\USB_and_other/         ; --            ; --          ; --             ;
; SEARCH_PATH                         ; D:\PZU_1\CursachV2/             ; --            ; --          ; --             ;
; SEARCH_PATH                         ; d:\2\oa+ua+quartus\ua\elements/ ; --            ; --          ; --             ;
; SEARCH_PATH                         ; d:\2\ua3/                       ; --            ; --          ; --             ;
; USE_GENERATED_PHYSICAL_CONSTRAINTS  ; Off                             ; --            ; --          ; eda_blast_fpga ;
+-------------------------------------+---------------------------------+---------------+-------------+----------------+


+--------------------------------------------------------------------------------------------------------------------------+
; Flow Elapsed Time                                                                                                        ;
+----------------------+--------------+-------------------------+---------------------+------------------------------------+
; Module Name          ; Elapsed Time ; Average Processors Used ; Peak Virtual Memory ; Total CPU Time (on all processors) ;
+----------------------+--------------+-------------------------+---------------------+------------------------------------+
; Analysis & Synthesis ; 00:00:01     ; 1.0                     ; 252 MB              ; 00:00:01                           ;
; Total                ; 00:00:01     ; --                      ; --                  ; 00:00:01                           ;
+----------------------+--------------+-------------------------+---------------------+------------------------------------+


+---------------------------------------------------------------------------------------+
; Flow OS Summary                                                                       ;
+----------------------+------------------+---------------+------------+----------------+
; Module Name          ; Machine Hostname ; OS Name       ; OS Version ; Processor type ;
+----------------------+------------------+---------------+------------+----------------+
; Analysis & Synthesis ; DESKTOP-PVL4P4H  ; Windows Vista ; 6.2        ; x86_64         ;
+----------------------+------------------+---------------+------------+----------------+


------------
; Flow Log ;
------------
quartus_map --read_settings_files=on --write_settings_files=off Digital_Device_1 -c Digital_Device_1



