------------------------------------------------------------
TimeQuest Timing Analyzer Summary
------------------------------------------------------------

Type  : Slow 1200mV 85C Model Setup 'USBBridge:inst|USBRDn'
Slack : -4.815
TNS   : -397.217

Type  : Slow 1200mV 85C Model Setup 'USBBridge:inst|Z_ALTERA_SYNTHESIZED'
Slack : -2.617
TNS   : -54.995

Type  : Slow 1200mV 85C Model Setup 'inst4|altpll_component|auto_generated|pll1|clk[0]'
Slack : -2.610
TNS   : -303.448

Type  : Slow 1200mV 85C Model Hold 'inst4|altpll_component|auto_generated|pll1|clk[0]'
Slack : -1.531
TNS   : -149.592

Type  : Slow 1200mV 85C Model Hold 'USBBridge:inst|USBRDn'
Slack : 0.031
TNS   : 0.000

Type  : Slow 1200mV 85C Model Hold 'USBBridge:inst|Z_ALTERA_SYNTHESIZED'
Slack : 1.354
TNS   : 0.000

Type  : Slow 1200mV 85C Model Recovery 'USBBridge:inst|USBRDn'
Slack : -3.185
TNS   : -5.540

Type  : Slow 1200mV 85C Model Recovery 'inst4|altpll_component|auto_generated|pll1|clk[0]'
Slack : -1.620
TNS   : -70.513

Type  : Slow 1200mV 85C Model Removal 'inst4|altpll_component|auto_generated|pll1|clk[0]'
Slack : -1.396
TNS   : -68.894

Type  : Slow 1200mV 85C Model Removal 'USBBridge:inst|USBRDn'
Slack : 1.450
TNS   : 0.000

Type  : Slow 1200mV 85C Model Minimum Pulse Width 'USBBridge:inst|USBRDn'
Slack : -1.285
TNS   : -149.060

Type  : Slow 1200mV 85C Model Minimum Pulse Width 'USBBridge:inst|Z_ALTERA_SYNTHESIZED'
Slack : -1.285
TNS   : -41.120

Type  : Slow 1200mV 85C Model Minimum Pulse Width 'clk_25mhz'
Slack : 19.889
TNS   : 0.000

Type  : Slow 1200mV 85C Model Minimum Pulse Width 'inst4|altpll_component|auto_generated|pll1|clk[0]'
Slack : 499.712
TNS   : 0.000

Type  : Slow 1200mV 0C Model Setup 'USBBridge:inst|USBRDn'
Slack : -4.301
TNS   : -357.333

Type  : Slow 1200mV 0C Model Setup 'USBBridge:inst|Z_ALTERA_SYNTHESIZED'
Slack : -2.436
TNS   : -51.612

Type  : Slow 1200mV 0C Model Setup 'inst4|altpll_component|auto_generated|pll1|clk[0]'
Slack : -2.330
TNS   : -271.399

Type  : Slow 1200mV 0C Model Hold 'inst4|altpll_component|auto_generated|pll1|clk[0]'
Slack : -1.380
TNS   : -134.505

Type  : Slow 1200mV 0C Model Hold 'USBBridge:inst|USBRDn'
Slack : 0.160
TNS   : 0.000

Type  : Slow 1200mV 0C Model Hold 'USBBridge:inst|Z_ALTERA_SYNTHESIZED'
Slack : 1.382
TNS   : 0.000

Type  : Slow 1200mV 0C Model Recovery 'USBBridge:inst|USBRDn'
Slack : -2.908
TNS   : -5.005

Type  : Slow 1200mV 0C Model Recovery 'inst4|altpll_component|auto_generated|pll1|clk[0]'
Slack : -1.436
TNS   : -60.928

Type  : Slow 1200mV 0C Model Removal 'inst4|altpll_component|auto_generated|pll1|clk[0]'
Slack : -1.264
TNS   : -62.949

Type  : Slow 1200mV 0C Model Removal 'USBBridge:inst|USBRDn'
Slack : 1.317
TNS   : 0.000

Type  : Slow 1200mV 0C Model Minimum Pulse Width 'USBBridge:inst|USBRDn'
Slack : -1.285
TNS   : -149.060

Type  : Slow 1200mV 0C Model Minimum Pulse Width 'USBBridge:inst|Z_ALTERA_SYNTHESIZED'
Slack : -1.285
TNS   : -41.120

Type  : Slow 1200mV 0C Model Minimum Pulse Width 'clk_25mhz'
Slack : 19.862
TNS   : 0.000

Type  : Slow 1200mV 0C Model Minimum Pulse Width 'inst4|altpll_component|auto_generated|pll1|clk[0]'
Slack : 499.592
TNS   : 0.000

Type  : Fast 1200mV 0C Model Setup 'USBBridge:inst|USBRDn'
Slack : -1.853
TNS   : -141.827

Type  : Fast 1200mV 0C Model Setup 'USBBridge:inst|Z_ALTERA_SYNTHESIZED'
Slack : -1.181
TNS   : -20.547

Type  : Fast 1200mV 0C Model Setup 'inst4|altpll_component|auto_generated|pll1|clk[0]'
Slack : -0.754
TNS   : -72.894

Type  : Fast 1200mV 0C Model Hold 'inst4|altpll_component|auto_generated|pll1|clk[0]'
Slack : -1.051
TNS   : -94.728

Type  : Fast 1200mV 0C Model Hold 'USBBridge:inst|USBRDn'
Slack : -0.179
TNS   : -1.664

Type  : Fast 1200mV 0C Model Hold 'USBBridge:inst|Z_ALTERA_SYNTHESIZED'
Slack : 0.847
TNS   : 0.000

Type  : Fast 1200mV 0C Model Recovery 'USBBridge:inst|USBRDn'
Slack : -1.301
TNS   : -2.153

Type  : Fast 1200mV 0C Model Recovery 'inst4|altpll_component|auto_generated|pll1|clk[0]'
Slack : -0.309
TNS   : -4.715

Type  : Fast 1200mV 0C Model Removal 'inst4|altpll_component|auto_generated|pll1|clk[0]'
Slack : -0.865
TNS   : -43.925

Type  : Fast 1200mV 0C Model Removal 'USBBridge:inst|USBRDn'
Slack : 0.682
TNS   : 0.000

Type  : Fast 1200mV 0C Model Minimum Pulse Width 'USBBridge:inst|USBRDn'
Slack : -1.000
TNS   : -116.000

Type  : Fast 1200mV 0C Model Minimum Pulse Width 'USBBridge:inst|Z_ALTERA_SYNTHESIZED'
Slack : -1.000
TNS   : -32.000

Type  : Fast 1200mV 0C Model Minimum Pulse Width 'clk_25mhz'
Slack : 19.597
TNS   : 0.000

Type  : Fast 1200mV 0C Model Minimum Pulse Width 'inst4|altpll_component|auto_generated|pll1|clk[0]'
Slack : 499.533
TNS   : 0.000

------------------------------------------------------------
